
> v5-react-2@5.0.3 build
> vite build

[dotenv@17.2.3] injecting env (0) from .env -- tip: ≡ƒ¢á∩╕Å  run anywhere with `dotenvx run -- yourcommand`
[36mvite v7.1.12 [32mbuilding for production...[36m[39m
transforming...
[32mΓ£ô[39m 40 modules transformed.
node.exe : 
[31mΓ£ù[39m Build 
failed in 451ms
At line:1 char:1
+ & "C:\Program Files\
nodejs/node.exe" 
"C:\Program 
Files\nodejs/node_mo 
...
+ ~~~~~~~~~~~~~~~~~~~~
~~~~~~~~~~~~~~~~~~~~~~
~~~~~~~~~~~~~~~~~~~~~~
~~~~~
    + CategoryInfo    
          : NotSpeci  
  fied: ([31mΓ£ù[   
 39m Build failed     
in 451ms:String)     
[], RemoteExcepti    
on
    + FullyQualifiedE 
   rrorId : NativeCo  
  mmandError
 
[31merror during 
build:
[31m[vite:esbuild] 
Transform failed with 
1 error:
C:/Users/JoshF/Documen
ts/Ferment-main/src/pa
ges/Settings.jsx:70:37
: ERROR: Expected 
identifier but found 
"<"[31m
file: [36mC:/Users/Jo
shF/Documents/Ferment-
main/src/pages/Setting
s.jsx:70:37[31m
[33m
[33mExpected 
identifier but found 
"<"[33m
68 |                
transition: `all 
${transitions.base}`,
69 |                
position: 'relative',
70 |                
zIndex: 50,           
 <input
   |                  
                     ^
71 |                
type="text"
72 |                
placeholder="Search 
settings..."
[31m
    at 
failureErrorWithLog (C
:\Users\JoshF\Document
s\Ferment-main\node_mo
dules\esbuild\lib\main
.js:1467:15)
    at C:\Users\JoshF\
Documents\Ferment-main
\node_modules\esbuild\
lib\main.js:736:50
    at responseCallbac
ks.<computed> (C:\User
s\JoshF\Documents\Ferm
ent-main\node_modules\
esbuild\lib\main.js:60
3:9)
    at 
handleIncomingPacket (
C:\Users\JoshF\Documen
ts\Ferment-main\node_m
odules\esbuild\lib\mai
n.js:658:12)
    at 
Socket.readFromStdout 
(C:\Users\JoshF\Docume
nts\Ferment-main\node_
modules\esbuild\lib\ma
in.js:581:7)
    at Socket.emit 
(node:events:508:28)
    at addChunk (node:
internal/streams/reada
ble:559:12)
    at readableAddChun
kPushByteMode (node:in
ternal/streams/readabl
e:510:3)
    at 
Socket.Readable.push (
node:internal/streams/
readable:390:5)
    at 
Pipe.onStreamRead (nod
e:internal/stream_base
_commons:189:23)[39m
